int arith: 9223372034707324798
float arith: 1.1754943508222875E-38
int/float comb.: 9.2233720347073249E18
int eq: true
int neq: false
long eq: true
long neq: false
long evil eq: false
float eq: true
float neq: false
double eq: true
double neq: false
double < NaN: false
double > NaN: false
Default values:
false
0
0
0
0
0.0
0.0
true
8
9
10
11
12.0
13.0
false
0
0
0
0
0.0
0.0
true
1
2
3
4
5.0
6.0
